------------------------------------------------------------
TimeQuest Timing Analyzer Summary
------------------------------------------------------------

Type  : Slow 850mV 85C Model Setup 'create_message:create_messege_module|start_chksm_o'
Slack : -6.583
TNS   : -71.666

Type  : Slow 850mV 85C Model Setup 'fifo_full_i'
Slack : -5.383
TNS   : -1551.426

Type  : Slow 850mV 85C Model Setup 'clk'
Slack : -1.343
TNS   : -457.057

Type  : Slow 850mV 85C Model Hold 'clk'
Slack : -2.166
TNS   : -158.964

Type  : Slow 850mV 85C Model Hold 'fifo_full_i'
Slack : -1.225
TNS   : -48.396

Type  : Slow 850mV 85C Model Hold 'create_message:create_messege_module|start_chksm_o'
Slack : 2.459
TNS   : 0.000

Type  : Slow 850mV 85C Model Minimum Pulse Width 'fifo_full_i'
Slack : -0.840
TNS   : -480.385

Type  : Slow 850mV 85C Model Minimum Pulse Width 'clk'
Slack : -0.538
TNS   : -633.849

Type  : Slow 850mV 85C Model Minimum Pulse Width 'create_message:create_messege_module|start_chksm_o'
Slack : 0.428
TNS   : 0.000

Type  : Slow 850mV 0C Model Setup 'create_message:create_messege_module|start_chksm_o'
Slack : -6.643
TNS   : -72.909

Type  : Slow 850mV 0C Model Setup 'fifo_full_i'
Slack : -5.496
TNS   : -1440.380

Type  : Slow 850mV 0C Model Setup 'clk'
Slack : -1.396
TNS   : -456.888

Type  : Slow 850mV 0C Model Hold 'clk'
Slack : -2.150
TNS   : -155.807

Type  : Slow 850mV 0C Model Hold 'fifo_full_i'
Slack : -1.382
TNS   : -52.837

Type  : Slow 850mV 0C Model Hold 'create_message:create_messege_module|start_chksm_o'
Slack : 2.619
TNS   : 0.000

Type  : Slow 850mV 0C Model Minimum Pulse Width 'fifo_full_i'
Slack : -0.716
TNS   : -529.213

Type  : Slow 850mV 0C Model Minimum Pulse Width 'clk'
Slack : -0.538
TNS   : -730.577

Type  : Slow 850mV 0C Model Minimum Pulse Width 'create_message:create_messege_module|start_chksm_o'
Slack : 0.393
TNS   : 0.000

Type  : Fast 850mV 85C Model Setup 'create_message:create_messege_module|start_chksm_o'
Slack : -3.629
TNS   : -39.624

Type  : Fast 850mV 85C Model Setup 'fifo_full_i'
Slack : -3.205
TNS   : -908.839

Type  : Fast 850mV 85C Model Setup 'clk'
Slack : -0.445
TNS   : -39.471

Type  : Fast 850mV 85C Model Hold 'clk'
Slack : -1.455
TNS   : -116.007

Type  : Fast 850mV 85C Model Hold 'fifo_full_i'
Slack : -0.467
TNS   : -13.959

Type  : Fast 850mV 85C Model Hold 'create_message:create_messege_module|start_chksm_o'
Slack : 1.634
TNS   : 0.000

Type  : Fast 850mV 85C Model Minimum Pulse Width 'fifo_full_i'
Slack : -0.662
TNS   : -361.001

Type  : Fast 850mV 85C Model Minimum Pulse Width 'clk'
Slack : -0.428
TNS   : -360.469

Type  : Fast 850mV 85C Model Minimum Pulse Width 'create_message:create_messege_module|start_chksm_o'
Slack : 0.470
TNS   : 0.000

Type  : Fast 850mV 0C Model Setup 'create_message:create_messege_module|start_chksm_o'
Slack : -3.382
TNS   : -36.564

Type  : Fast 850mV 0C Model Setup 'fifo_full_i'
Slack : -2.863
TNS   : -808.955

Type  : Fast 850mV 0C Model Setup 'clk'
Slack : -0.321
TNS   : -20.209

Type  : Fast 850mV 0C Model Hold 'clk'
Slack : -1.367
TNS   : -108.484

Type  : Fast 850mV 0C Model Hold 'fifo_full_i'
Slack : -0.434
TNS   : -13.806

Type  : Fast 850mV 0C Model Hold 'create_message:create_messege_module|start_chksm_o'
Slack : 1.592
TNS   : 0.000

Type  : Fast 850mV 0C Model Minimum Pulse Width 'fifo_full_i'
Slack : -0.628
TNS   : -336.676

Type  : Fast 850mV 0C Model Minimum Pulse Width 'clk'
Slack : -0.428
TNS   : -359.702

Type  : Fast 850mV 0C Model Minimum Pulse Width 'create_message:create_messege_module|start_chksm_o'
Slack : 0.463
TNS   : 0.000

------------------------------------------------------------
